---
source: src/grid/grid_render_tests.rs
expression: screen
---
"huge (txt)                                n (int)                               "
"xxxxxxxxxxxxxxxxxxxxxxxxxxxxxxxxxxxxxxx…        1                               "
"short                                           2                               "
"                                                                                "
"                                                                                "
"                                                                                "
"                                                                                "
"                                                                                "
