---
source: src/grid/grid_render_tests.rs
expression: screen
---
"huge                                      n                                     "
"xxxxxxxxxxxxxxxxxxxxxxxxxxxxxxxxxxxxxxx…  1                                     "
"short                                     2                                     "
"                                                                                "
"                                                                                "
"                                                                                "
"                                                                                "
"                                                                                "
