---
source: src/palette/palette_render_tests.rs
assertion_line: 104
expression: screen
---
"                                                                                "
"┌ columns ─────────────────────────────────────────────────┐                    "
"│[ ] id                                                 int│                    "
"│[x] status                                             txt│                    "
"│[ ] amount                                             num│                    "
"│[x] created_at                                        date│                    "
"│                                                          │                    "
"│                                                          │                    "
"└ Space/Tab toggle • ↑↓ nav • Enter/Esc close • Ctrl+A all─┘                    "
"                                                                                "
"                                                                                "
"                                                                                "
"                                                                                "
"                                                                                "
"                                                                                "
"                                                                                "
"                                                                                "
"                                                                                "
"                                                                                "
"                                                                                "
"                                                                                "
"                                                                                "
"                                                                                "
"                                                                                "
