---
source: src/ai/ai_render_tests.rs
expression: screen
---
"                                                                                "
"┌ ask AI (Enter to generate, Esc to close) ────┐                                "
"│> all rows                                    │                                "
"│SELECT * FROM t                               │                                "
"└──────────────────────────────────────────────┘                                "
"                                                                                "
"                                                                                "
"                                                                                "
"                                                                                "
"                                                                                "
"                                                                                "
"                                                                                "
"                                                                                "
"                                                                                "
"                                                                                "
"                                                                                "
"                                                                                "
"                                                                                "
"                                                                                "
"                                                                                "
"                                                                                "
"                                                                                "
"                                                                                "
"                                                                                "
