---
source: src/ai/ai_render_tests.rs
expression: screen
---
"                                                                                "
"┌ ask AI (Enter to generate, Esc to close) ────┐                                "
"│> top 10 by amount                            │                                "
"│generating…                                   │                                "
"└──────────────────────────────────────────────┘                                "
"                                                                                "
"                                                                                "
"                                                                                "
"                                                                                "
"                                                                                "
"                                                                                "
"                                                                                "
"                                                                                "
"                                                                                "
"                                                                                "
"                                                                                "
"                                                                                "
"                                                                                "
"                                                                                "
"                                                                                "
"                                                                                "
"                                                                                "
"                                                                                "
"                                                                                "
