---
source: src/save/save_render_tests.rs
assertion_line: 101
expression: screen
---
"                                                                                "
"┌ save result as CSV ──────────────────────────┐                                "
"│> showcase-m-out.csv                          │                                "
"│→ showcase-m-out.csv                          │                                "
"└────────── Enter save • Esc cancel ───────────┘                                "
"                                                                                "
"                                                                                "
"                                                                                "
"                                                                                "
"                                                                                "
"                                                                                "
"                                                                                "
"                                                                                "
"                                                                                "
"                                                                                "
"                                                                                "
"                                                                                "
"                                                                                "
"                                                                                "
"                                                                                "
"                                                                                "
"                                                                                "
"                                                                                "
"                                                                                "
