---
source: src/history/history_render_tests.rs
assertion_line: 117
expression: screen
---
"                                                                                "
"┌ history (3) ───────────────────────────────────┐                              "
"│ SELECT id FROM t                               │                              "
"│▍SELECT name FROM t WHERE id > 5                │                              "
"│ SELECT count(*) FROM t                         │                              "
"│                                                │                              "
"└────────────────────────────────────────────────┘                              "
"                                                                                "
"                                                                                "
"                                                                                "
"                                                                                "
"                                                                                "
"                                                                                "
"                                                                                "
"                                                                                "
"                                                                                "
"                                                                                "
"                                                                                "
"                                                                                "
"                                                                                "
"                                                                                "
"                                                                                "
"                                                                                "
"                                                                                "
