---
source: src/autocomplete/autocomplete_render_tests.rs
assertion_line: 139
expression: screen
---
"┌──────────────────────┐                "
"│active             txt│                "
"│archived           txt│                "
"│pending            txt│                "
"│                      │                "
"└──────────────────────┘                "
"                                        "
"                                        "
