---
source: src/autocomplete/autocomplete_render_tests.rs
assertion_line: 126
expression: screen
---
"┌──────────────────────────┐            "
"│▍id                    int│            "
"│ status                txt│            "
"│ amount                num│            "
"│ created_at           date│            "
"│ COUNT                 agg│            "
"│                          │            "
"└──────────────────────────┘            "
"                                        "
"                                        "
